[Friday] Emergency stop armed: press CTRL+ALT+F12 to halt the agent.
[1/19] notepad_open rep1: PASS steps=1 16s vram=9011MB 
[2/19] notepad_type_save rep1: FAIL steps=6 35s vram=9465MB agent failed: see actions; file missing: n2.txt
[3/19] notepad_save_and_close rep1: FAIL steps=6 40s vram=9553MB agent failed: see actions; file missing: n4.txt; Notepad still open
[4/19] notepad_subfolder rep1: FAIL steps=13 69s vram=9570MB agent failed: see actions; file missing: n5.txt
[5/19] calc_open rep1: PASS steps=1 8s vram=9567MB 
[6/19] calc_add rep1: PASS steps=7 38s vram=9567MB 
[7/19] calc_div rep1: FAIL steps=15 79s vram=9567MB agent max_iterations but check failed: display was 'Display is 0', wanted ...12
[8/19] explorer_open_folder rep1: PASS steps=10 68s vram=9638MB 
[9/19] explorer_new_folder rep1: FAIL steps=6 36s vram=9636MB agent failed: see actions; folder not created
[10/19] explorer_subfolder rep1: FAIL steps=9 70s vram=9678MB agent failed: see actions; no Explorer window titled 'sub'
[11/19] settings_open rep1: PASS steps=1 9s vram=9698MB 
[12/19] settings_about rep1: FAIL steps=1 9s vram=9703MB agent completed but check failed: none of ('Device specifications', 'Device name') visible
[13/19] chrome_counter rep1: PASS steps=7 46s vram=9748MB 
[14/19] chrome_form rep1: FAIL steps=5 37s vram=9761MB agent failed: see actions; name was not Friday; saw []
[15/19] chrome_scroll rep1: FAIL steps=10 72s vram=9760MB agent failed: see actions; bottom button not clicked; saw []
[16/19] chrome_navigate rep1: PASS steps=8 50s vram=9765MB 
[17/19] canvas_click_red rep1: FAIL steps=1 18s vram=9777MB agent failed: see actions; red circle not hit; saw []
[18/19] canvas_drag rep1: FAIL steps=1 18s vram=9783MB agent failed: see actions; drag did not connect the dots; saw []
[19/19] canvas_game rep1: FAIL steps=1 18s vram=9780MB agent failed: see actions; fewer than 3 hits; saw []
| task | group | pass | steps (mean) | wall s (mean) | peak VRAM MB | top failure |
|---|---|---|---|---|---|---|
| notepad_open | notepad | 1/1 | 1.0 | 16 | 9011 |  |
| notepad_type_save | notepad | 0/1 | 6.0 | 35 | 9465 | agent failed: see actions; file missing: n2.txt |
| notepad_save_and_close | notepad | 0/1 | 6.0 | 40 | 9553 | agent failed: see actions; file missing: n4.txt; Notepad still open |
| notepad_subfolder | notepad | 0/1 | 13.0 | 69 | 9570 | agent failed: see actions; file missing: n5.txt |
| calc_open | calculator | 1/1 | 1.0 | 8 | 9567 |  |
| calc_add | calculator | 1/1 | 7.0 | 38 | 9567 |  |
| calc_div | calculator | 0/1 | 15.0 | 80 | 9567 | agent max_iterations but check failed: display was 'Display is 0', wan |
| explorer_open_folder | explorer | 1/1 | 10.0 | 68 | 9638 |  |
| explorer_new_folder | explorer | 0/1 | 6.0 | 36 | 9636 | agent failed: see actions; folder not created |
| explorer_subfolder | explorer | 0/1 | 9.0 | 70 | 9678 | agent failed: see actions; no Explorer window titled 'sub' |
| settings_open | settings | 1/1 | 1.0 | 9 | 9698 |  |
| settings_about | settings | 0/1 | 1.0 | 9 | 9703 | agent completed but check failed: none of ('Device specifications', 'D |
| chrome_counter | chrome | 1/1 | 7.0 | 46 | 9748 |  |
| chrome_form | chrome | 0/1 | 5.0 | 37 | 9761 | agent failed: see actions; name was not Friday; saw [] |
| chrome_scroll | chrome | 0/1 | 10.0 | 72 | 9760 | agent failed: see actions; bottom button not clicked; saw [] |
| chrome_navigate | chrome | 1/1 | 8.0 | 50 | 9765 |  |
| canvas_click_red | canvas | 0/1 | 1.0 | 18 | 9777 | agent failed: see actions; red circle not hit; saw [] |
| canvas_drag | canvas | 0/1 | 1.0 | 18 | 9783 | agent failed: see actions; drag did not connect the dots; saw [] |
| canvas_game | canvas | 0/1 | 1.0 | 18 | 9780 | agent failed: see actions; fewer than 3 hits; saw [] |

Overall: 7/19 runs passed (37%).
